// Jest Snapshot v1, https://goo.gl/fbAQLP

exports[`App snapshot renders 1`] = `
<div>
  <h1>
    Beer Temperature Monitoring
  </h1>
  <button
    className="btn btn-outline-dark btn-lg btn-block"
    onClick={[Function]}
  >
    Click here for live temperature updates
  </button>
  <table
    className="table table-dark"
  >
    <thead>
      <tr>
        <th
          scope="col"
        >
          ID
        </th>
        <th
          scope="col"
        >
          Beer Type
        </th>
        <th
          scope="col"
        >
          Min Temp
        </th>
        <th
          scope="col"
        >
          Max Temp
        </th>
        <th
          scope="col"
        >
          Current Temp
        </th>
        <th
          scope="col"
        >
          Status
        </th>
      </tr>
    </thead>
    <tbody>
      <tr>
        <td
          scope="row"
        >
          1
        </td>
        <td>
          Pilsner
        </td>
        <td>
          4
        </td>
        <td>
          6
        </td>
        <td />
        <td>
          Ok
        </td>
      </tr>
      <tr>
        <td
          scope="row"
        >
          2
        </td>
        <td>
          IPA
        </td>
        <td>
          5
        </td>
        <td>
          6
        </td>
        <td />
        <td>
          Ok
        </td>
      </tr>
      <tr>
        <td
          scope="row"
        >
          3
        </td>
        <td>
          Lager
        </td>
        <td>
          4
        </td>
        <td>
          7
        </td>
        <td />
        <td>
          Ok
        </td>
      </tr>
      <tr>
        <td
          scope="row"
        >
          4
        </td>
        <td>
          Stout
        </td>
        <td>
          6
        </td>
        <td>
          8
        </td>
        <td />
        <td>
          Ok
        </td>
      </tr>
      <tr>
        <td
          scope="row"
        >
          5
        </td>
        <td>
          Wheat beer
        </td>
        <td>
          3
        </td>
        <td>
          5
        </td>
        <td />
        <td>
          Ok
        </td>
      </tr>
      <tr>
        <td
          scope="row"
        >
          6
        </td>
        <td>
          Pale Ale
        </td>
        <td>
          4
        </td>
        <td>
          6
        </td>
        <td />
        <td>
          Ok
        </td>
      </tr>
    </tbody>
  </table>
</div>
`;
